[siteslucrativosapp.shop/spotpay/index.html]
[siteslucrativosapp.shop/spotpay/js/script.js]
[backblue.gif]
[fade.gif]
[index.html]
[siteslucrativosapp.shop/spotpay/css/styles.css]
[siteslucrativosapp.shop/spotpay/js/jquery-3.6.4.min.js]
[siteslucrativosapp.shop/spotpay/js/js.cookie.min.js]
[siteslucrativosapp.shop/spotpay/media/dinheiro.mp3]
[siteslucrativosapp.shop/spotpay/images/opinilogo.png]
[siteslucrativosapp.shop/spotpay/images/matue.png]
[siteslucrativosapp.shop/spotpay/transparent.html]
[siteslucrativosapp.shop/spotpay/images/LuanSantana.png]
[siteslucrativosapp.shop/spotpay/images/alok.png]
[siteslucrativosapp.shop/spotpay/images/annita.png]
[siteslucrativosapp.shop/spotpay/images/ludmillaa.png]
[siteslucrativosapp.shop/spotpay/images/mcabelin.png]
[siteslucrativosapp.shop/spotpay/images/mcdaniel.png]
[siteslucrativosapp.shop/spotpay/images/ivete.png]
[siteslucrativosapp.shop/spotpay/images/wesley.png]
[siteslucrativosapp.shop/spotpay/images/poze.png]
[siteslucrativosapp.shop/spotpay/images/cpf.png]
[siteslucrativosapp.shop/spotpay/images/telefone.png]
[siteslucrativosapp.shop/spotpay/images/email.png]
[siteslucrativosapp.shop/spotpay/images/qr.png]
[siteslucrativosapp.shop/spotpay/js/lottie-player.js]
[siteslucrativosapp.shop/spotpay/js/scripts.js]
[siteslucrativosapp.shop/spotpay/index.html]
[siteslucrativosapp.shop/spotpay/css/images/background_whats.jpg]
[siteslucrativosapp.shop/spotpay/css/styles.css]
[siteslucrativosapp.shop/spotpay/transparent.html]
[siteslucrativosapp.shop/spotpay/css/images/background_whats.html]
